Server is running on port 8080
User William joined room: epc
User William joined room: epc
User test joined room: epc
User test joined room: epc
User test2 joined room: epc2
User test2 joined room: epc2
User test2 disconnected from room: epc2
User sdf joined room: epc
User sdf joined room: epc
User sdf disconnected from room: epc
User wsf joined room: epc
User wsf joined room: epc
User wsf disconnected from room: epc
User test joined room: privacy
User test joined room: privacy
User epc joined room: privacy
User epc joined room: privacy
User test disconnected from room: privacy
User epc disconnected from room: privacy
User test joined room: privacy
User test joined room: privacy
User william joined room: privacy
User william joined room: privacy
User test joined room: epc
User test joined room: epc
User haha joined room: privacy
User haha joined room: privacy
User test disconnected from room: privacy
User william disconnected from room: privacy
User haha disconnected from room: privacy
User test disconnected from room: epc
